iIncSix -> iIncSix
 
iDecOne -> iFive
 
iFive -> iIncSix
fail unexpected response to input "iFive": "iIncSix".
